kb:
  excel-postings:
    admin:
      static-data:
        _ARCHIVE:
          _CLI__1 Posting:
            POST_EVENT_LOG.txt: '

              Size (in bytes):  1638

              '
            products.static-data.admin.a6i.xlsx: '

              Size (in bytes):  16772

              '
          _CLI__2 Posting:
            POST_EVENT_LOG.txt: '

              Size (in bytes):  1243

              '
            scoring-cycles.static-data.admin.a6i.xlsx: '

              Size (in bytes):  17462

              '
        products.static-data.admin.a6i.xlsx: '

          Size (in bytes):  16772

          '
        scoring-cycles.static-data.admin.a6i.xlsx: '

          Size (in bytes):  17462

          '
  manifests:
    my-corp.production:
      static-data:
        line-of-business.1.yaml: '

          Size (in bytes):  597

          '
        product.1.yaml: '

          Size (in bytes):  627

          '
        scoring-cycle.1.yaml: '

          Size (in bytes):  1160

          '
    system:
      foreign_key_contraints.1.yaml: '

        Size (in bytes):  4

        '
