Store@transaction#1::Base_environment		BASE_ENVIRONMENT
Store@transaction#1::Current_environment		store-transaction.1
Store@transaction#1::Ancestor_1		1002_ENV
Store@transaction#1::Transaction_environment		store-transaction.1
Store@transaction#1::Transaction_stack::0		store-transaction.1
ManifestRepresenter@transaction#1::manifests::0		product.0
ManifestRepresenter@transaction#1::manifests::1		line-of-business.1
Store@transaction#2::Base_environment		BASE_ENVIRONMENT
Store@transaction#2::Current_environment		store-transaction.2
Store@transaction#2::Ancestor_1		1002_ENV
Store@transaction#2::Transaction_environment		store-transaction.2
Store@transaction#2::Transaction_stack::0		store-transaction.2
Store@transaction#3::Base_environment		BASE_ENVIRONMENT
Store@transaction#3::Current_environment		store-transaction.3
Store@transaction#3::Ancestor_1		store-transaction.2
Store@transaction#3::Ancestor_2		1002_ENV
Store@transaction#3::Transaction_environment		store-transaction.3
Store@transaction#3::Transaction_stack::0		store-transaction.2
Store@transaction#3::Transaction_stack::1		store-transaction.3
ProductsController@transaction#3::MANIFEST_META::0::_DATA_KIND		product
ProductsController@transaction#3::MANIFEST_META::0::_DATA_RANGE		D2:E17
ProductsController@transaction#3::MANIFEST_META::0::_DATA_SHEET		Assertions
ProductsController@transaction#3::MANIFEST_META::1::_DATA_KIND		line-of-business
ProductsController@transaction#3::MANIFEST_META::1::_DATA_RANGE		B2:B17
ProductsController@transaction#3::MANIFEST_META::1::_DATA_SHEET		Assertions
ProductsController@transaction#3::ROW_2_UID_LINK::product::0		P1
ProductsController@transaction#3::ROW_2_UID_LINK::product::7		P2
ProductsController@transaction#3::ROW_2_UID_LINK::product::8		P3
ProductsController@transaction#3::ROW_2_UID_LINK::line-of-business::0		LOB1
ProductsController@transaction#3::ROW_2_UID_LINK::line-of-business::7		LOB2
