************** Content of Posting Label **********

manifestAPI		static-data.admin.a6i.io/v1a
organization		My Corp
knowledgeBase		Testing Area
recordedBy		yourname.lastname@your_company.com
estimatedBy		accountableowner.lastname@your_company.com
estimatedOn		2021-08-04 00:00:00
priorVersion.0		1
priorVersion.1		1
data.kind.0		product
data.range.0		D2:I9
data.sheet.0		Assertions
data.kind.1		line-of-business
data.range.1		B2:C4
data.sheet.1		Assertions
