=> post --sandbox --timestamp pbf_opus.original.OPUS_big-rocks.journeys.a6i.xlsx

Using sandbox '<MASKED>'...
Success
