<MASKED>.<MASKED>_sandbox:
  METADATA.yaml: '

    Size (in bytes):  613

    '
  external-collaboration:
    admin:
      static-data:
        _ARCHIVE:
          _CLI__1 Posting:
            POST_EVENT_LOG.txt: '

              Size (in bytes):  1637

              '
            products.static-data.admin.a6i.xlsx: '

              Size (in bytes):  16772

              '
          _CLI__2 Posting:
            POST_EVENT_LOG.txt: '

              Size (in bytes):  1242

              '
            scoring-cycles.static-data.admin.a6i.xlsx: '

              Size (in bytes):  17462

              '
    journeys:
      Dec 2020:
        FusionOpus:
          Default:
            FusionOpus.modernization.big-rocks.journeys.a6i.xlsx: '

              Size (in bytes):  7625

              '
            FusionOpus.modernization.milestone.journeys.a6i.xlsx: '

              Size (in bytes):  7891

              '
            _ARCHIVE:
              _CLI__3 Posting:
                POST_EVENT_LOG.txt: '

                  Size (in bytes):  2381

                  '
                pbf_opus.original.OPUS_big-rocks.journeys.a6i.xlsx: '

                  Size (in bytes):  26031

                  '
              _CLI__4 Form Request:
                FORM_REQUEST_EVENT_LOG.txt: '

                  Size (in bytes):  442

                  '
              _CLI__5 Posting:
                POST_EVENT_LOG.txt: '

                  Size (in bytes):  2360

                  '
                pbf_opus.update.big-rocks.journeys.a6i.xlsx: '

                  Size (in bytes):  19144

                  '
              _CLI__6 Form Request:
                FORM_REQUEST_EVENT_LOG.txt: '

                  Size (in bytes):  442

                  '
              _CLI__7 Posting:
                POST_EVENT_LOG.txt: '

                  Size (in bytes):  1853

                  '
                pbf_opus.v1.milestone.journeys.a6i.xlsx: '

                  Size (in bytes):  18973

                  '
              _CLI__8 Form Request:
                FORM_REQUEST_EVENT_LOG.txt: '

                  Size (in bytes):  442

                  '
              _CLI__9 Posting:
                POST_EVENT_LOG.txt: '

                  Size (in bytes):  1853

                  '
                pbf_opus.v2.milestone.journeys.a6i.xlsx: '

                  Size (in bytes):  19220

                  '
  kb:
    excel-postings:
      admin:
        static-data:
          _ARCHIVE:
            _CLI__1 Posting:
              POST_EVENT_LOG.txt: '

                Size (in bytes):  1637

                '
              products.static-data.admin.a6i.xlsx: '

                Size (in bytes):  16772

                '
            _CLI__2 Posting:
              POST_EVENT_LOG.txt: '

                Size (in bytes):  1242

                '
              scoring-cycles.static-data.admin.a6i.xlsx: '

                Size (in bytes):  17462

                '
          products.static-data.admin.a6i.xlsx: '

            Size (in bytes):  16772

            '
          scoring-cycles.static-data.admin.a6i.xlsx: '

            Size (in bytes):  17462

            '
      journeys:
        Dec 2020:
          FusionOpus:
            Default:
              FusionOpus.modernization.big-rocks.journeys.a6i.xlsx: '

                Size (in bytes):  19144

                '
              FusionOpus.modernization.milestone.journeys.a6i.xlsx: '

                Size (in bytes):  19220

                '
              _ARCHIVE:
                _CLI__3 Posting:
                  POST_EVENT_LOG.txt: '

                    Size (in bytes):  2381

                    '
                  pbf_opus.original.OPUS_big-rocks.journeys.a6i.xlsx: '

                    Size (in bytes):  26031

                    '
                _CLI__4 Form Request:
                  FORM_REQUEST_EVENT_LOG.txt: '

                    Size (in bytes):  442

                    '
                _CLI__5 Posting:
                  POST_EVENT_LOG.txt: '

                    Size (in bytes):  2360

                    '
                  pbf_opus.update.big-rocks.journeys.a6i.xlsx: '

                    Size (in bytes):  19144

                    '
                _CLI__6 Form Request:
                  FORM_REQUEST_EVENT_LOG.txt: '

                    Size (in bytes):  442

                    '
                _CLI__7 Posting:
                  POST_EVENT_LOG.txt: '

                    Size (in bytes):  1853

                    '
                  pbf_opus.v1.milestone.journeys.a6i.xlsx: '

                    Size (in bytes):  18973

                    '
                _CLI__8 Form Request:
                  FORM_REQUEST_EVENT_LOG.txt: '

                    Size (in bytes):  442

                    '
                _CLI__9 Posting:
                  POST_EVENT_LOG.txt: '

                    Size (in bytes):  1853

                    '
                  pbf_opus.v2.milestone.journeys.a6i.xlsx: '

                    Size (in bytes):  19220

                    '
    manifests:
      my-corp.production:
        modernization.dec-2020.fusionopus.default:
          big-rock-estimate.1.yaml: '

            Size (in bytes):  1258

            '
          big-rock-estimate.2.yaml: '

            Size (in bytes):  1443

            '
          big-rock.1.yaml: '

            Size (in bytes):  1412

            '
          big-rock.2.yaml: '

            Size (in bytes):  1973

            '
          investment.1.yaml: '

            Size (in bytes):  1306

            '
          investment.2.yaml: '

            Size (in bytes):  1398

            '
          modernization-milestone.1.yaml: '

            Size (in bytes):  1467

            '
          modernization-milestone.2.yaml: '

            Size (in bytes):  1938

            '
        static-data:
          line-of-business.1.yaml: '

            Size (in bytes):  597

            '
          product.1.yaml: '

            Size (in bytes):  627

            '
          scoring-cycle.1.yaml: '

            Size (in bytes):  1160

            '
      system:
        foreign_key_contraints.1.yaml: '

          Size (in bytes):  2371

          '
