
CREATED MANIFEST:        
		 manifest_api   = 'static-data.admin.a6i.io'
		 namespace      = 'my-corp.testing-area'
		 kind           = 'scoring-cycle'
		 name           = 'static-data'
		 version        = '1'

ARCHIVED POSTING FROM:   
		 posting_api     = 'scoring-cycles.static-data.admin.a6i'
		 filing_coords   = 'TBD - Submitted from: <KNOWLEDGE BASE ROOT>/envs/1001_ENV/external-collaboration/admin/static-data/scoring-cycles.static-data.admin.a6i.xlsx'
		 excel_filename  = 'scoring-cycles.static-data.admin.a6i.xlsx'
		 excel_sheet     = 'Posting Label'
		 excel_range     = 'B2:C1000'
             TO:         
		 posting_api     = 'scoring-cycles.static-data.admin.a6i'
		 filing_coords   = '._ARCHIVE.(Timestamp omitted) Posting'
		 excel_filename  = 'scoring-cycles.static-data.admin.a6i.xlsx'
		 excel_sheet     = 'Posting Label'
		 excel_range     = 'B2:C1000'

PUBLISHED OPTIONAL FORM: 
		 posting_api     = 'scoring-cycles.static-data.admin.a6i'
		 filing_coords   = ''
		 *** A ManifestHandle ***
			 manifest_api   = 'static-data.admin.a6i.io'
			 namespace      = 'my-corp.testing-area'
			 kind           = 'scoring-cycle'
			 name           = 'static-data'
			 version        = '1'
