2002_ENV:
  METADATA.yaml: '

    Size (in bytes):  503

    '
  external-collaboration:
    admin:
      static-data:
        _ARCHIVE:
          (Timestamp omitted) Posting:
            POST_EVENT_LOG.txt: '

              Size (in bytes):  1238

              '
            products.static-data.admin.a6i.xlsx: '

              Size (in bytes):  17415

              '
            scoring-cycles.static-data.admin.a6i.xlsx: '

              Size (in bytes):  17477

              '
    journeys:
      Dec 2020:
        LedgerPro:
          OfficialPlan:
            _ARCHIVE:
              (Timestamp omitted) Form Request:
                FORM_REQUEST_EVENT_LOG.txt: '

                  Size (in bytes):  341

                  '
              (Timestamp omitted) Posting:
                LedgerPro.big-rocks.journeys.a6i.xlsx: '

                  Size (in bytes):  21018

                  '
                POST_EVENT_LOG.txt: '

                  Size (in bytes):  1885

                  '
  kb:
    excel-postings:
      admin:
        static-data:
          _ARCHIVE:
            (Timestamp omitted) Posting:
              POST_EVENT_LOG.txt: '

                Size (in bytes):  1238

                '
              products.static-data.admin.a6i.xlsx: '

                Size (in bytes):  17415

                '
              scoring-cycles.static-data.admin.a6i.xlsx: '

                Size (in bytes):  17477

                '
          products.static-data.admin.a6i.xlsx: '

            Size (in bytes):  17415

            '
          scoring-cycles.static-data.admin.a6i.xlsx: '

            Size (in bytes):  17477

            '
      journeys:
        Dec 2020:
          LedgerPro:
            OfficialPlan:
              LedgerPro.big-rocks.journeys.a6i.xlsx: '

                Size (in bytes):  21018

                '
              _ARCHIVE:
                (Timestamp omitted) Form Request:
                  FORM_REQUEST_EVENT_LOG.txt: '

                    Size (in bytes):  341

                    '
                (Timestamp omitted) Posting:
                  LedgerPro.big-rocks.journeys.a6i.xlsx: '

                    Size (in bytes):  21018

                    '
                  POST_EVENT_LOG.txt: '

                    Size (in bytes):  1885

                    '
    manifests:
      my-corp.production:
        modernization.dec-2020.ledgerpro.officialplan:
          big-rock-estimate.1.yaml: '

            Size (in bytes):  2445

            '
          big-rock-estimate.2.yaml: '

            Size (in bytes):  2602

            '
          big-rock.1.yaml: '

            Size (in bytes):  5581

            '
          big-rock.2.yaml: '

            Size (in bytes):  5804

            '
        static-data:
          line-of-business.1.yaml: '

            Size (in bytes):  597

            '
          product.1.yaml: '

            Size (in bytes):  641

            '
          scoring-cycle.1.yaml: '

            Size (in bytes):  1307

            '
