2002_ENV:
  METADATA.yaml: '

    Size (in bytes):  502

    '
  external-collaboration:
    admin:
      static-data:
        _ARCHIVE:
          (Timestamp omitted) Posting:
            POST_EVENT_LOG.txt: '

              Size (in bytes):  1230

              '
            products.static-data.admin.a6i.xlsx: '

              Size (in bytes):  17415

              '
            scoring-cycles.static-data.admin.a6i.xlsx: '

              Size (in bytes):  17477

              '
    journeys:
      Dec 2020:
        LedgerPro:
          OfficialPlan:
            LedgerPro.big-rocks.journeys.a6i.xlsx: '

              Size (in bytes):  28512

              '
  kb:
    excel-postings:
      admin:
        static-data:
          _ARCHIVE:
            (Timestamp omitted) Posting:
              POST_EVENT_LOG.txt: '

                Size (in bytes):  1230

                '
              products.static-data.admin.a6i.xlsx: '

                Size (in bytes):  17415

                '
              scoring-cycles.static-data.admin.a6i.xlsx: '

                Size (in bytes):  17477

                '
          products.static-data.admin.a6i.xlsx: '

            Size (in bytes):  17415

            '
          scoring-cycles.static-data.admin.a6i.xlsx: '

            Size (in bytes):  17477

            '
    manifests:
      my-corp.production:
        static-data:
          line-of-business.1.yaml: '

            Size (in bytes):  597

            '
          product.1.yaml: '

            Size (in bytes):  641

            '
          scoring-cycle.1.yaml: '

            Size (in bytes):  1307

            '
