
UPDATED MANIFEST:        
		 manifest_api   = 'delivery-planning.journeys.a6i.io'
		 namespace      = 'my-corp.production'
		 kind           = 'big-rock'
		 name           = 'modernization.dec-2020.ledgerpro.officialplan'
		 version        = '2'

UPDATED MANIFEST:        
		 manifest_api   = 'delivery-planning.journeys.a6i.io'
		 namespace      = 'my-corp.production'
		 kind           = 'big-rock-estimate'
		 name           = 'modernization.dec-2020.ledgerpro.officialplan'
		 version        = '2'

ARCHIVED POSTING FROM:   
		 posting_api     = 'big-rocks.journeys.a6i'
		 filing_coords   = 'TBD - Submitted from: <KNOWLEDGE BASE ROOT>/envs/2002_ENV/external-collaboration/journeys/Dec 2020/LedgerPro/OfficialPlan/LedgerPro.big-rocks.journeys.a6i.xlsx'
		 excel_filename  = 'LedgerPro.big-rocks.journeys.a6i.xlsx'
		 excel_sheet     = 'Posting Label'
		 excel_range     = 'B2:C1000'
             TO:         
		 posting_api     = 'big-rocks.journeys.a6i'
		 filing_coords   = 'Dec 2020.LedgerPro.OfficialPlan._ARCHIVE.(Timestamp omitted) Posting'
		 excel_filename  = 'LedgerPro.big-rocks.journeys.a6i.xlsx'
		 excel_sheet     = 'Posting Label'
		 excel_range     = 'B2:C1000'

PUBLISHED OPTIONAL FORM: 
		 posting_api     = 'big-rocks.journeys.a6i'
		 filing_coords   = 'Dec 2020.LedgerPro.OfficialPlan'
		 *** A ManifestHandle ***
			 manifest_api   = 'delivery-planning.journeys.a6i.io'
			 namespace      = 'my-corp.production'
			 kind           = 'big-rock'
			 name           = 'modernization.dec-2020.ledgerpro.officialplan'
			 version        = '2'
		 *** A ManifestHandle ***
			 manifest_api   = 'delivery-planning.journeys.a6i.io'
			 namespace      = 'my-corp.production'
			 kind           = 'big-rock-estimate'
			 name           = 'modernization.dec-2020.ledgerpro.officialplan'
			 version        = '2'
