=> post --timestamp opus.v1.milestone.journeys.a6i.xlsx

[91m
Excel form needs to be refreshed and re-submitted because it does not reference the most recent version of the 'big-rock'. Request a new form for 'modernization-milestone' to reflect the correct version for 'big-rock' and re-apply your changes to that form, and re-submit

            version submitted   : 1
            latest version      : 2
[0m[38;5;110m

<APODEIXI INSTALLATION>/apodeixi/test_db/knowledge-base/envs/8101_ENV/kb/logs/<MASKED>.<MASKED>_errors.txt[0m[0m
