Store@transaction#1::Base_environment		BASE_ENVIRONMENT
Store@transaction#1::Current_environment		store-transaction.1
Store@transaction#1::Ancestor_1		2001_ENV
Store@transaction#1::Transaction_environment		store-transaction.1
Store@transaction#1::Transaction_stack::0		store-transaction.1
Store@transaction#2::Base_environment		BASE_ENVIRONMENT
Store@transaction#2::Current_environment		store-transaction.2
Store@transaction#2::Ancestor_1		store-transaction.1
Store@transaction#2::Ancestor_2		2001_ENV
Store@transaction#2::Transaction_environment		store-transaction.2
Store@transaction#2::Transaction_stack::0		store-transaction.1
Store@transaction#2::Transaction_stack::1		store-transaction.2
ProductsController@transaction#2::MANIFEST_META::0::_DATA_KIND		product
ProductsController@transaction#2::MANIFEST_META::0::_DATA_RANGE		C2:D10
ProductsController@transaction#2::MANIFEST_META::0::_DATA_SHEET		Assertions
ProductsController@transaction#2::MANIFEST_META::1::_DATA_KIND		line-of-business
ProductsController@transaction#2::MANIFEST_META::1::_DATA_RANGE		B2:B8
ProductsController@transaction#2::MANIFEST_META::1::_DATA_SHEET		Assertions
ProductsController@transaction#2::ROW_2_UID_LINK::product::0		P1
ProductsController@transaction#2::ROW_2_UID_LINK::line-of-business::0		LOB1
Store@transaction#3::Base_environment		BASE_ENVIRONMENT
Store@transaction#3::Current_environment		store-transaction.3
Store@transaction#3::Ancestor_1		2001_ENV
Store@transaction#3::Transaction_environment		store-transaction.3
Store@transaction#3::Transaction_stack::0		store-transaction.3
Store@transaction#4::Base_environment		BASE_ENVIRONMENT
Store@transaction#4::Current_environment		store-transaction.4
Store@transaction#4::Ancestor_1		store-transaction.3
Store@transaction#4::Ancestor_2		2001_ENV
Store@transaction#4::Transaction_environment		store-transaction.4
Store@transaction#4::Transaction_stack::0		store-transaction.3
Store@transaction#4::Transaction_stack::1		store-transaction.4
ScoringCyclesController@transaction#4::MANIFEST_META::0::_DATA_KIND		scoring-cycle
ScoringCyclesController@transaction#4::MANIFEST_META::0::_DATA_RANGE		B2:E8
ScoringCyclesController@transaction#4::MANIFEST_META::0::_DATA_SHEET		Assertions
ScoringCyclesController@transaction#4::ROW_2_UID_LINK::scoring-cycle::0		J1.SC1.S1
ScoringCyclesController@transaction#4::ROW_2_UID_LINK::scoring-cycle::1		J1.SC2.S1
Store@transaction#5::Base_environment		BASE_ENVIRONMENT
Store@transaction#5::Current_environment		store-transaction.5
Store@transaction#5::Ancestor_1		2001_ENV
Store@transaction#5::Transaction_environment		store-transaction.5
Store@transaction#5::Transaction_stack::0		store-transaction.5
Store@transaction#6::Base_environment		BASE_ENVIRONMENT
Store@transaction#6::Current_environment		store-transaction.6
Store@transaction#6::Ancestor_1		store-transaction.5
Store@transaction#6::Ancestor_2		2001_ENV
Store@transaction#6::Transaction_environment		store-transaction.6
Store@transaction#6::Transaction_stack::0		store-transaction.5
Store@transaction#6::Transaction_stack::1		store-transaction.6
BigRocksEstimate_Controller@transaction#6::MANIFEST_META::0::_DATA_KIND		big-rock
BigRocksEstimate_Controller@transaction#6::MANIFEST_META::0::_DATA_RANGE		E2:E9
BigRocksEstimate_Controller@transaction#6::MANIFEST_META::0::_DATA_SHEET		Sheet1
BigRocksEstimate_Controller@transaction#6::MANIFEST_META::1::_DATA_KIND		big-rock-estimate
BigRocksEstimate_Controller@transaction#6::MANIFEST_META::1::_DATA_RANGE		F2:F9
BigRocksEstimate_Controller@transaction#6::MANIFEST_META::1::_DATA_SHEET		Sheet1
BigRocksEstimate_Controller@transaction#6::MANIFEST_META::2::_DATA_KIND		investment
BigRocksEstimate_Controller@transaction#6::MANIFEST_META::2::_DATA_RANGE		H2:I10
BigRocksEstimate_Controller@transaction#6::MANIFEST_META::2::_DATA_SHEET		Sheet1
BigRocksEstimate_Controller@transaction#6::ROW_2_UID_LINK::big-rock::0		BR1
BigRocksEstimate_Controller@transaction#6::ROW_2_UID_LINK::big-rock::1		BR2
BigRocksEstimate_Controller@transaction#6::ROW_2_UID_LINK::big-rock::2		BR3
BigRocksEstimate_Controller@transaction#6::ROW_2_UID_LINK::big-rock::3		BR4
BigRocksEstimate_Controller@transaction#6::ROW_2_UID_LINK::big-rock::4		BR5
BigRocksEstimate_Controller@transaction#6::ROW_2_UID_LINK::big-rock-estimate::0		E1
BigRocksEstimate_Controller@transaction#6::ROW_2_UID_LINK::big-rock-estimate::1		E2
BigRocksEstimate_Controller@transaction#6::ROW_2_UID_LINK::big-rock-estimate::2		E3
BigRocksEstimate_Controller@transaction#6::ROW_2_UID_LINK::big-rock-estimate::3		E4
BigRocksEstimate_Controller@transaction#6::ROW_2_UID_LINK::big-rock-estimate::4		E5
BigRocksEstimate_Controller@transaction#6::ROW_2_UID_LINK::investment::0		P1
BigRocksEstimate_Controller@transaction#6::ROW_2_UID_LINK::investment::1		P2
BigRocksEstimate_Controller@transaction#6::ROW_2_UID_LINK::investment::2		P3
BigRocksEstimate_Controller@transaction#6::ROW_2_UID_LINK::investment::3		P4
BigRocksEstimate_Controller@transaction#6::ROW_2_UID_LINK::investment::4		P5
Store@transaction#7::Base_environment		BASE_ENVIRONMENT
Store@transaction#7::Current_environment		store-transaction.7
Store@transaction#7::Ancestor_1		2001_ENV
Store@transaction#7::Transaction_environment		store-transaction.7
Store@transaction#7::Transaction_stack::0		store-transaction.7
ManifestRepresenter@transaction#7::manifests::0		big-rock.0
ManifestRepresenter@transaction#7::manifests::1		big-rock-estimate.1
ManifestRepresenter@transaction#7::manifests::2		investment.2
ManifestRepresenter@transaction#7::links::ROW_2_UID_LINK::big-rock.0::2		BR1
ManifestRepresenter@transaction#7::links::ROW_2_UID_LINK::big-rock.0::3		BR2
ManifestRepresenter@transaction#7::links::ROW_2_UID_LINK::big-rock.0::4		BR3
ManifestRepresenter@transaction#7::links::ROW_2_UID_LINK::big-rock.0::5		BR4
ManifestRepresenter@transaction#7::links::ROW_2_UID_LINK::big-rock.0::6		BR5
Store@transaction#8::Base_environment		BASE_ENVIRONMENT
Store@transaction#8::Current_environment		store-transaction.8
Store@transaction#8::Ancestor_1		2001_ENV
Store@transaction#8::Transaction_environment		store-transaction.8
Store@transaction#8::Transaction_stack::0		store-transaction.8
Store@transaction#9::Base_environment		BASE_ENVIRONMENT
Store@transaction#9::Current_environment		store-transaction.9
Store@transaction#9::Ancestor_1		store-transaction.8
Store@transaction#9::Ancestor_2		2001_ENV
Store@transaction#9::Transaction_environment		store-transaction.9
Store@transaction#9::Transaction_stack::0		store-transaction.8
Store@transaction#9::Transaction_stack::1		store-transaction.9
BigRocksEstimate_Controller@transaction#9::MANIFEST_META::0::_DATA_KIND		big-rock
BigRocksEstimate_Controller@transaction#9::MANIFEST_META::0::_DATA_RANGE		B2:E12
BigRocksEstimate_Controller@transaction#9::MANIFEST_META::0::_DATA_SHEET		Assertions
BigRocksEstimate_Controller@transaction#9::MANIFEST_META::1::_DATA_KIND		big-rock-estimate
BigRocksEstimate_Controller@transaction#9::MANIFEST_META::1::_DATA_RANGE		F2:F12
BigRocksEstimate_Controller@transaction#9::MANIFEST_META::1::_DATA_SHEET		Assertions
BigRocksEstimate_Controller@transaction#9::MANIFEST_META::2::_DATA_KIND		investment
BigRocksEstimate_Controller@transaction#9::MANIFEST_META::2::_DATA_RANGE		H2:I10
BigRocksEstimate_Controller@transaction#9::MANIFEST_META::2::_DATA_SHEET		Assertions
BigRocksEstimate_Controller@transaction#9::ROW_2_UID_LINK::big-rock::0		BR1
BigRocksEstimate_Controller@transaction#9::ROW_2_UID_LINK::big-rock::1		BR1.SR0.TR1
BigRocksEstimate_Controller@transaction#9::ROW_2_UID_LINK::big-rock::2		BR1.SR1.TR1
BigRocksEstimate_Controller@transaction#9::ROW_2_UID_LINK::big-rock::3		BR2
BigRocksEstimate_Controller@transaction#9::ROW_2_UID_LINK::big-rock::4		BR3
BigRocksEstimate_Controller@transaction#9::ROW_2_UID_LINK::big-rock::5		BR4
BigRocksEstimate_Controller@transaction#9::ROW_2_UID_LINK::big-rock::6		BR4.SR1
BigRocksEstimate_Controller@transaction#9::ROW_2_UID_LINK::big-rock::7		BR4.SR2
BigRocksEstimate_Controller@transaction#9::ROW_2_UID_LINK::big-rock::8		BR6
BigRocksEstimate_Controller@transaction#9::ROW_2_UID_LINK::big-rock::9		BR5
BigRocksEstimate_Controller@transaction#9::ROW_2_UID_LINK::big-rock-estimate::0		E1
BigRocksEstimate_Controller@transaction#9::ROW_2_UID_LINK::big-rock-estimate::1		E2
BigRocksEstimate_Controller@transaction#9::ROW_2_UID_LINK::big-rock-estimate::2		E3
BigRocksEstimate_Controller@transaction#9::ROW_2_UID_LINK::big-rock-estimate::3		E4
BigRocksEstimate_Controller@transaction#9::ROW_2_UID_LINK::big-rock-estimate::4		E5
BigRocksEstimate_Controller@transaction#9::ROW_2_UID_LINK::big-rock-estimate::6		E6
BigRocksEstimate_Controller@transaction#9::ROW_2_UID_LINK::big-rock-estimate::7		E7
BigRocksEstimate_Controller@transaction#9::ROW_2_UID_LINK::big-rock-estimate::8		E8
BigRocksEstimate_Controller@transaction#9::ROW_2_UID_LINK::big-rock-estimate::9		E9
BigRocksEstimate_Controller@transaction#9::ROW_2_UID_LINK::investment::0		P1
BigRocksEstimate_Controller@transaction#9::ROW_2_UID_LINK::investment::3		P2
BigRocksEstimate_Controller@transaction#9::ROW_2_UID_LINK::investment::4		P3
BigRocksEstimate_Controller@transaction#9::ROW_2_UID_LINK::investment::5		P4
BigRocksEstimate_Controller@transaction#9::ROW_2_UID_LINK::investment::6		P5
BigRocksEstimate_Controller@transaction#9::ROW_2_UID_LINK::investment::7		P6
