basic_posting_flows.big_rocks.burnout.brb_opus_ENV:
  external-collaboration:
    admin:
      static-data:
        _ARCHIVE:
          (Timestamp omitted) Posting:
            POST_EVENT_LOG.txt: '

              Size (in bytes):  1242

              '
            products.static-data.admin.a6i.xlsx: '

              Size (in bytes):  16772

              '
            scoring-cycles.static-data.admin.a6i.xlsx: '

              Size (in bytes):  17462

              '
    journeys:
      Dec 2020:
        FusionOpus:
          Default:
            _ARCHIVE:
              (Timestamp omitted) Posting:
                FORM_REQUEST_EVENT_LOG.txt: '

                  Size (in bytes):  399

                  '
                FusionOpus.big-rocks.journeys.a6i.xlsx: '

                  Size (in bytes):  19132

                  '
                OPUS_big-rocks.journeys.a6i.xlsx: '

                  Size (in bytes):  25146

                  '
                POST_EVENT_LOG.txt: '

                  Size (in bytes):  2438

                  '
        LedgerPro:
          OfficialPlan:
            LedgerPro.big-rocks.journeys.a6i.xlsx: '

              Size (in bytes):  28512

              '
  kb:
    excel-postings:
      admin:
        static-data:
          _ARCHIVE:
            (Timestamp omitted) Posting:
              POST_EVENT_LOG.txt: '

                Size (in bytes):  1242

                '
              products.static-data.admin.a6i.xlsx: '

                Size (in bytes):  16772

                '
              scoring-cycles.static-data.admin.a6i.xlsx: '

                Size (in bytes):  17462

                '
          products.static-data.admin.a6i.xlsx: '

            Size (in bytes):  16772

            '
          scoring-cycles.static-data.admin.a6i.xlsx: '

            Size (in bytes):  17462

            '
      journeys:
        Dec 2020:
          FusionOpus:
            Default:
              FusionOpus.big-rocks.journeys.a6i.xlsx: '

                Size (in bytes):  19132

                '
              _ARCHIVE:
                (Timestamp omitted) Posting:
                  FORM_REQUEST_EVENT_LOG.txt: '

                    Size (in bytes):  399

                    '
                  FusionOpus.big-rocks.journeys.a6i.xlsx: '

                    Size (in bytes):  19132

                    '
                  OPUS_big-rocks.journeys.a6i.xlsx: '

                    Size (in bytes):  25146

                    '
                  POST_EVENT_LOG.txt: '

                    Size (in bytes):  2438

                    '
    manifests:
      my-corp.production:
        modernization.dec-2020.fusionopus.default:
          big-rock-estimate.1.yaml: '

            Size (in bytes):  1258

            '
          big-rock-estimate.2.yaml: '

            Size (in bytes):  1424

            '
          big-rock.1.yaml: '

            Size (in bytes):  1412

            '
          big-rock.2.yaml: '

            Size (in bytes):  1794

            '
          investment.1.yaml: '

            Size (in bytes):  1306

            '
          investment.2.yaml: '

            Size (in bytes):  1397

            '
        static-data:
          line-of-business.1.yaml: '

            Size (in bytes):  597

            '
          product.1.yaml: '

            Size (in bytes):  627

            '
          scoring-cycle.1.yaml: '

            Size (in bytes):  1160

            '
