
CREATED FORM:        
		 posting_api     = 'big-rocks.journeys.a6i'
		 filing_coords   = 'Dec 2020.FusionOpus.Default'
		 excel_filename  = 'FusionOpus.big-rocks.journeys.a6i.xlsx'
		 excel_sheet     = 'Posting Label'
		 excel_range     = 'B2:C100'
clientURL =          <MASKED>/apodeixi/test_db/knowledge-base/envs/basic_posting_flows.big_rocks.burnout.brb_opus_ENV/external-collaboration
