2001_ENV:
  METADATA.yaml: '

    Size (in bytes):  502

    '
  external-collaboration:
    admin:
      static-data:
        _ARCHIVE:
          (Timestamp omitted) Posting:
            POST_EVENT_LOG.txt: '

              Size (in bytes):  1228

              '
            products.static-data.admin.a6i.xlsx: '

              Size (in bytes):  16772

              '
            scoring-cycles.static-data.admin.a6i.xlsx: '

              Size (in bytes):  17462

              '
  kb:
    excel-postings:
      admin:
        static-data:
          _ARCHIVE:
            (Timestamp omitted) Posting:
              POST_EVENT_LOG.txt: '

                Size (in bytes):  1228

                '
              products.static-data.admin.a6i.xlsx: '

                Size (in bytes):  16772

                '
              scoring-cycles.static-data.admin.a6i.xlsx: '

                Size (in bytes):  17462

                '
          products.static-data.admin.a6i.xlsx: '

            Size (in bytes):  16772

            '
          scoring-cycles.static-data.admin.a6i.xlsx: '

            Size (in bytes):  17462

            '
    manifests:
      my-corp.production:
        static-data:
          line-of-business.1.yaml: '

            Size (in bytes):  597

            '
          product.1.yaml: '

            Size (in bytes):  627

            '
          scoring-cycle.1.yaml: '

            Size (in bytes):  1160

            '
      system:
        foreign_key_contraints.1.yaml: '

          Size (in bytes):  4

          '
