2003_ENV:
  METADATA.yaml: '

    Size (in bytes):  502

    '
  external-collaboration:
    admin:
      static-data:
        _ARCHIVE:
          (Timestamp omitted) Posting:
            POST_EVENT_LOG.txt: '

              Size (in bytes):  1229

              '
            products.static-data.admin.a6i.xlsx: '

              Size (in bytes):  17383

              '
            scoring-cycles.static-data.admin.a6i.xlsx: '

              Size (in bytes):  17477

              '
    journeys:
      Dec 2020:
        Jack Henry:
          OfficialPlan:
            _ARCHIVE:
              (Timestamp omitted) Posting:
                POST_EVENT_LOG.txt: '

                  Size (in bytes):  1852

                  '
                for_mls.big-rocks.journeys.a6i.xlsx: '

                  Size (in bytes):  20280

                  '
  kb:
    excel-postings:
      admin:
        static-data:
          _ARCHIVE:
            (Timestamp omitted) Posting:
              POST_EVENT_LOG.txt: '

                Size (in bytes):  1229

                '
              products.static-data.admin.a6i.xlsx: '

                Size (in bytes):  17383

                '
              scoring-cycles.static-data.admin.a6i.xlsx: '

                Size (in bytes):  17477

                '
          products.static-data.admin.a6i.xlsx: '

            Size (in bytes):  17383

            '
          scoring-cycles.static-data.admin.a6i.xlsx: '

            Size (in bytes):  17477

            '
      journeys:
        Dec 2020:
          Jack Henry:
            OfficialPlan:
              Jack Henry.big-rocks.journeys.a6i.xlsx: '

                Size (in bytes):  20280

                '
              _ARCHIVE:
                (Timestamp omitted) Posting:
                  POST_EVENT_LOG.txt: '

                    Size (in bytes):  1852

                    '
                  for_mls.big-rocks.journeys.a6i.xlsx: '

                    Size (in bytes):  20280

                    '
    manifests:
      my-corp.production:
        modernization.dec-2020.jack-henry.officialplan:
          big-rock-estimate.1.yaml: '

            Size (in bytes):  2604

            '
          big-rock.1.yaml: '

            Size (in bytes):  5806

            '
        static-data:
          line-of-business.1.yaml: '

            Size (in bytes):  597

            '
          product.1.yaml: '

            Size (in bytes):  633

            '
          scoring-cycle.1.yaml: '

            Size (in bytes):  1307

            '
