=> post --timestamp v2.big-rocks.journeys.a6i.xlsx

[91m
Foreign key violation for manifest: there are 1 other manifests that reference UIDs that were removed from manifest

            Manifest            : 
		 manifest_api   = 'delivery-planning.journeys.a6i.io'
		 namespace      = 'intuit.innovations'
		 kind           = 'big-rock'
		 name           = 'experimental.march-2021.turbotax.iot-experiment'
		 version        = '2'
            Problem UIDs        : ['BR2.MR2.SR2']
            Referencing manifest: 
		 manifest_api   = 'delivery-planning.journeys.a6i.io'
		 namespace      = 'intuit.innovations'
		 kind           = 'modernization-milestone'
		 name           = 'experimental.march-2021.turbotax.iot-experiment'
		 version        = '1'
[0m[38;5;110m

<APODEIXI INSTALLATION>/apodeixi/test_db/knowledge-base/envs/2011_ENV/kb/logs/<MASKED>.<MASKED>_errors.txt[0m[0m
