--------------------- Workstreams with a filing structure in the KnowledgeBase

1.scoringCycle: FY 22; initiative: s1; workstream_UID: w0; scenario: None		w0-workstream.initiatives.a6i.xlsx
2.scoringCycle: FY 22; initiative: s1; workstream_UID: w1; scenario: None		w1-workstream.initiatives.a6i.xlsx
3.scoringCycle: FY 22; initiative: s1; workstream_UID: w2; scenario: None		w2-workstream.initiatives.a6i.xlsx
4.scoringCycle: FY 22; initiative: s1; workstream_UID: w3; scenario: None		w3-workstream.initiatives.a6i.xlsx
5.scoringCycle: FY 22; initiative: s1; workstream_UID: w4; scenario: None		w4-workstream.initiatives.a6i.xlsx
6.scoringCycle: FY 22; initiative: s1; workstream_UID: w5; scenario: None		w5-workstream.initiatives.a6i.xlsx
7.scoringCycle: FY 22; initiative: s1; workstream_UID: w6; scenario: None		w6-workstream.initiatives.a6i.xlsx
8.scoringCycle: FY 22; initiative: s1; workstream_UID: w7; scenario: None		w7-workstream.initiatives.a6i.xlsx
9.scoringCycle: FY 22; initiative: s1; workstream_UID: w8; scenario: None		w8-workstream.initiatives.a6i.xlsx
10.scoringCycle: FY 22; initiative: s1; workstream_UID: w9; scenario: None		w9-workstream.initiatives.a6i.xlsx
